// Jest Snapshot v1, https://goo.gl/fbAQLP

exports[`Example should match a snapshot 1`] = `<div />`;
